
> lmd-frontend@0.1.0 build
> tsc && vite build

[36mvite v8.0.10 [32mbuilding client environment for production...[36m[39m
[2K
transforming...Γ£ô 4624 modules transformed.
rendering chunks...
computing gzip size...
dist/index.html                                         0.80 kB Γöé gzip:   0.39 kB
dist/assets/index-BYBPb5De.css                        135.77 kB Γöé gzip:  22.09 kB
dist/assets/clone-foreTmKo.js                           0.09 kB Γöé gzip:   0.10 kB
dist/assets/array-B0pZ4ajb.js                           0.10 kB Γöé gzip:   0.11 kB
dist/assets/channel-Mh6UzqbG.js                         0.11 kB Γöé gzip:   0.12 kB
dist/assets/pie-ZZUOXDRM-Bhd8mcXP.js                    0.11 kB Γöé gzip:   0.11 kB
dist/assets/info-OMHHGYJF-Bm9dZQw-.js                   0.11 kB Γöé gzip:   0.11 kB
dist/assets/radar-PYXPWWZC-Od4923_y.js                  0.11 kB Γöé gzip:   0.12 kB
dist/assets/packet-4T2RLAQJ-BJCbIo3G.js                 0.12 kB Γöé gzip:   0.12 kB
dist/assets/treemap-W4RFUUIX-B5DZTQA0.js                0.12 kB Γöé gzip:   0.12 kB
dist/assets/wardley-RL74JXVD-DHm9GBjv.js                0.12 kB Γöé gzip:   0.12 kB
dist/assets/gitGraph-7Q5UKJZL-CjFtSybH.js               0.12 kB Γöé gzip:   0.12 kB
dist/assets/treeView-SZITEDCU-Ct3a3f3M.js               0.12 kB Γöé gzip:   0.12 kB
dist/assets/architecture-YZFGNWBL-7r199-ge.js           0.12 kB Γöé gzip:   0.12 kB
dist/assets/init-JRXXbB84.js                            0.14 kB Γöé gzip:   0.12 kB
dist/assets/chunk-QZHKN3VN-B-zt8V0V.js                  0.18 kB Γöé gzip:   0.15 kB
dist/assets/chunk-4BX2VUAB-Cr9OhEor.js                  0.21 kB Γöé gzip:   0.15 kB
dist/assets/chunk-55IACEB6-BrjV6zHa.js                  0.22 kB Γöé gzip:   0.19 kB
dist/assets/chunk-426QAEUC-DD0V78E_.js                  0.27 kB Γöé gzip:   0.23 kB
dist/assets/AuditsPage-Dehac-Rk.js                      0.31 kB Γöé gzip:   0.24 kB
dist/assets/KaizenPage-DeV3YLfu.js                      0.32 kB Γöé gzip:   0.26 kB
dist/assets/MyTasksPage-X2FbSqRS.js                     0.32 kB Γöé gzip:   0.25 kB
dist/assets/TemplatesPage-CCRWzq5x.js                   0.32 kB Γöé gzip:   0.25 kB
dist/assets/VsmPage-rlPP4Atm.js                         0.33 kB Γöé gzip:   0.26 kB
dist/assets/ProceduresPage-DQo_lDOu.js                  0.33 kB Γöé gzip:   0.25 kB
dist/assets/ProblemsPage-kYTjS1Wk.js                    0.33 kB Γöé gzip:   0.26 kB
dist/assets/QualityPage-B3xo7bpa.js                     0.33 kB Γöé gzip:   0.25 kB
dist/assets/ActionsPage-BSEkhEuW.js                     0.34 kB Γöé gzip:   0.26 kB
dist/assets/ProductionPlanPage-vGSWjoF6.js              0.34 kB Γöé gzip:   0.25 kB
dist/assets/LinePerformancePage-CudrzZyM.js             0.34 kB Γöé gzip:   0.26 kB
dist/assets/SuggestionsPage-NEWLz-OC.js                 0.34 kB Γöé gzip:   0.26 kB
dist/assets/MyDashboardPage-CVllrmIz.js                 0.34 kB Γöé gzip:   0.27 kB
dist/assets/BestPracticesPage-CmRt3M0z.js               0.34 kB Γöé gzip:   0.26 kB
dist/assets/CapacityPage-BwlLjniZ.js                    0.34 kB Γöé gzip:   0.26 kB
dist/assets/chunk-FMBD7UC4-q3ZOi2LQ.js                  0.35 kB Γöé gzip:   0.25 kB
dist/assets/LiveShopfloorPage-B_iEcufN.js               0.35 kB Γöé gzip:   0.26 kB
dist/assets/StandardWorkPage-pOvYCbnZ.js                0.36 kB Γöé gzip:   0.27 kB
dist/assets/DailyGembaWalkPage-DwxRNZMp.js              0.36 kB Γöé gzip:   0.28 kB
dist/assets/ContinuousImprovementPage-BnuicEal.js       0.36 kB Γöé gzip:   0.26 kB
dist/assets/chunk-FOC6F5B3-DTEn7nxg.js                  0.45 kB Γöé gzip:   0.31 kB
dist/assets/chunk-2KRD3SAO-DeolxaDA.js                  0.45 kB Γöé gzip:   0.31 kB
dist/assets/chunk-67CJDMHE-BwkU9PyY.js                  0.46 kB Γöé gzip:   0.31 kB
dist/assets/chunk-KGLVRYIC-DhxmCm93.js                  0.46 kB Γöé gzip:   0.31 kB
dist/assets/chunk-CIAEETIT-aH15K9Q3.js                  0.50 kB Γöé gzip:   0.35 kB
dist/assets/chunk-EDXVE4YY-B0xgUzil.js                  0.53 kB Γöé gzip:   0.37 kB
dist/assets/SignOutPage-Wng7NGrL.js                     0.54 kB Γöé gzip:   0.38 kB
dist/assets/flatten-DzlxMaNT.js                         0.57 kB Γöé gzip:   0.34 kB
dist/assets/chunk-AA7GKIK3-B8XDQezY.js                  0.60 kB Γöé gzip:   0.39 kB
dist/assets/infoDiagram-42DDH7IO-BLRSU8kS.js            0.61 kB Γöé gzip:   0.40 kB
dist/assets/system-abuNFdwb.js                          0.63 kB Γöé gzip:   0.32 kB
dist/assets/chunk-ORNJ4GCN-cr9gx1NG.js                  0.65 kB Γöé gzip:   0.41 kB
dist/assets/ModulePage-a3832P6I.js                      0.66 kB Γöé gzip:   0.39 kB
dist/assets/stateDiagram-v2-QKLJ7IA2-CjIV5VJi.js        0.67 kB Γöé gzip:   0.40 kB
dist/assets/classDiagram-6PBFFD2Q-CDiUF2Lc.js           0.74 kB Γöé gzip:   0.43 kB
dist/assets/classDiagram-v2-HSJHXN6E-COpYm17K.js        0.74 kB Γöé gzip:   0.43 kB
dist/assets/PageHeader-CJFwr2mO.js                      0.82 kB Γöé gzip:   0.42 kB
dist/assets/rolldown-runtime-BTPm5ob3.js                0.88 kB Γöé gzip:   0.49 kB
dist/assets/GraphqlStatusPage-BTtnsroN.js               0.88 kB Γöé gzip:   0.47 kB
dist/assets/chunk-7N4EOEYR-Dr_Vx4QH.js                  0.90 kB Γöé gzip:   0.49 kB
dist/assets/line-26oG-vXl.js                            0.94 kB Γöé gzip:   0.47 kB
dist/assets/chunk-ZZ45TVLE-CxPn9blc.js                  0.95 kB Γöé gzip:   0.58 kB
dist/assets/isEmpty-BFxh0phF.js                         1.16 kB Γöé gzip:   0.63 kB
dist/assets/ordinal-Crx1uav8.js                         1.17 kB Γöé gzip:   0.57 kB
dist/assets/chunk-LIHQZDEY-B8qinSb1.js                  1.46 kB Γöé gzip:   0.78 kB
dist/assets/chunk-X2U36JSP-DZGsqbCe.js                  1.83 kB Γöé gzip:   0.89 kB
dist/assets/state-vendor-KBuyf568.js                    1.91 kB Γöé gzip:   0.95 kB
dist/assets/chunk-YZCP3GAM-B_I0zdXi.js                  1.93 kB Γöé gzip:   0.86 kB
dist/assets/chunk-BSJP7CBP-CoqZ_uIH.js                  2.09 kB Γöé gzip:   0.81 kB
dist/assets/dist-C4kC2k8Z.js                            2.17 kB Γöé gzip:   0.97 kB
dist/assets/path-DX61D_oX.js                            2.31 kB Γöé gzip:   0.99 kB
dist/assets/UserPreferencesPage-Dqk-VbbJ.js             2.34 kB Γöé gzip:   0.78 kB
dist/assets/ApplicationSettingsPage-Ceb_x-3l.js         2.39 kB Γöé gzip:   1.01 kB
dist/assets/entityConfig-DbMrgy6y.js                    2.53 kB Γöé gzip:   0.73 kB
dist/assets/useDataManagementOverview-CCOJ1oDG.js       2.67 kB Γöé gzip:   0.61 kB
dist/assets/diagram-5BDNPKRD-BLJj8Iyr.js                2.78 kB Γöé gzip:   1.34 kB
dist/assets/manufacturingQueries-BSKLV4h6.js            3.08 kB Γöé gzip:   0.72 kB
dist/assets/NotFoundPage-CWG4lesS.js                    3.15 kB Γöé gzip:   1.15 kB
dist/assets/arc-Cum8UyUj.js                             3.47 kB Γöé gzip:   1.46 kB
dist/assets/chunk-336JU56O-BF5Suosy.js                  3.48 kB Γöé gzip:   1.52 kB
dist/assets/diagram-TYMM5635-CMZ-v58o.js                4.24 kB Γöé gzip:   1.83 kB
dist/assets/mermaid-parser.core-B0YnVDAZ.js             4.54 kB Γöé gzip:   1.44 kB
dist/assets/defaultLocale-DOAzocMZ.js                   4.64 kB Γöé gzip:   2.12 kB
dist/assets/pieDiagram-DEJITSTG-BG36_YcV.js             5.22 kB Γöé gzip:   2.27 kB
dist/assets/linear-vHFnr7yq.js                          5.52 kB Γöé gzip:   2.25 kB
dist/assets/diagram-MMDJMWI5-ClCOCb7q.js                5.77 kB Γöé gzip:   2.39 kB
dist/assets/themeTokens-C9KJdE2N.js                     6.41 kB Γöé gzip:   1.38 kB
dist/assets/_baseFor-D3U_s7rB.js                        7.52 kB Γöé gzip:   2.83 kB
dist/assets/reduce-DMyddoTB.js                          8.59 kB Γöé gzip:   3.57 kB
dist/assets/graphlib-Cntk7oHh.js                        9.35 kB Γöé gzip:   3.16 kB
dist/assets/ProductionStructurePage-FkSxsh7C.js        10.15 kB Γöé gzip:   3.09 kB
dist/assets/stateDiagram-FHFEXIEX-DgWSOyEq.js          10.52 kB Γöé gzip:   3.68 kB
dist/assets/dagre-KV5264BT-CMiAoG_W.js                 11.08 kB Γöé gzip:   4.13 kB
dist/assets/CompanyEditor-C8vh6Pkv.js                  12.45 kB Γöé gzip:   3.58 kB
dist/assets/ControlTowerPage-C9F3PBkL.js               12.85 kB Γöé gzip:   2.97 kB
dist/assets/EntityVisualSettingsPage-B9jX6zl4.js       13.20 kB Γöé gzip:   3.64 kB
dist/assets/diagram-G4DWMVQ6-D_2OeaId.js               15.51 kB Γöé gzip:   5.41 kB
dist/assets/StructurePage-DfOKQ5Lo.js                  16.83 kB Γöé gzip:   4.83 kB
dist/assets/DocumentationCenter-rYY5eZZV.js            17.26 kB Γöé gzip:   5.59 kB
dist/assets/ishikawaDiagram-UXIWVN3A-D1e_8PCe.js       17.30 kB Γöé gzip:   6.51 kB
dist/assets/kanban-definition-6JOO6SKY-C-hrDTIQ.js     20.22 kB Γöé gzip:   7.13 kB
dist/assets/sankeyDiagram-XADWPNL6-BOifSiEA.js         21.69 kB Γöé gzip:   7.81 kB
dist/assets/journeyDiagram-VCZTEJTY-CyAS1g-W.js        23.16 kB Γöé gzip:   8.16 kB
dist/assets/mindmap-definition-QFDTVHPH-BbnUDzqn.js    23.65 kB Γöé gzip:   8.06 kB
dist/assets/wardleyDiagram-NUSXRM2D-CV40gmOS.js        23.87 kB Γöé gzip:   6.28 kB
dist/assets/erDiagram-SMLLAGMA-BLa2-X3i.js             26.81 kB Γöé gzip:   9.33 kB
dist/assets/rough.esm-Cs8YDIX4.js                      27.10 kB Γöé gzip:   8.85 kB
dist/assets/chunk-5PVQY5BW-DWleDCb8.js                 28.17 kB Γöé gzip:   8.12 kB
dist/assets/gitGraphDiagram-UUTBAWPF-Cn2bgch2.js       28.97 kB Γöé gzip:   8.55 kB
dist/assets/timeline-definition-GMOUNBTQ-B-Jmapdp.js   30.39 kB Γöé gzip:   9.96 kB
dist/assets/dagre-DySdymHe.js                          30.41 kB Γöé gzip:  10.98 kB
dist/assets/requirementDiagram-MS252O5E-Bswmf7aT.js    30.96 kB Γöé gzip:   9.76 kB
dist/assets/mermaid.core-Csw6gQLL.js                   31.85 kB Γöé gzip:  10.97 kB
dist/assets/quadrantDiagram-34T5L4WZ-DTV0pG9A.js       33.34 kB Γöé gzip:   9.70 kB
dist/assets/chunk-ENJZ2VHE-Bn-H34lo.js                 33.40 kB Γöé gzip:   7.06 kB
dist/assets/chunk-OYMX7WX6-Coo8L5E_.js                 36.59 kB Γöé gzip:  11.80 kB
dist/assets/remark-gfm-CqJES3lG.js                     38.28 kB Γöé gzip:  11.53 kB
dist/assets/xychartDiagram-5P7HB3ND-C5F2JF2j.js        40.04 kB Γöé gzip:  11.19 kB
dist/assets/vennDiagram-DHZGUBPP-tdRWXpl6.js           40.62 kB Γöé gzip:  14.89 kB
dist/assets/chunk-XPW4576I-elW_6jmF.js                 41.85 kB Γöé gzip:  14.22 kB
dist/assets/ProductionComponentsPage-BGivp53y.js       42.89 kB Γöé gzip:   9.14 kB
dist/assets/ReferencesPage-CLZLzfqZ.js                 42.99 kB Γöé gzip:   9.86 kB
dist/assets/index-Bq7oIC39.js                          43.33 kB Γöé gzip:  10.38 kB
dist/assets/UserProfilePage-BTrnLjF8.js                45.38 kB Γöé gzip:  10.53 kB
dist/assets/src-Clm4r4AD.js                            45.83 kB Γöé gzip:  16.06 kB
dist/assets/chunk-4TB4RGXK-BJ4RUPux.js                 46.89 kB Γöé gzip:  15.13 kB
dist/assets/chunk-U2HBQHQK-kCXuMenc.js                 52.52 kB Γöé gzip:  17.15 kB
dist/assets/NodeDetailPanel-fXZgDARd.js                59.98 kB Γöé gzip:  11.75 kB
dist/assets/flowDiagram-DWJPFMVM-BjRu7w4Y.js           60.22 kB Γöé gzip:  19.51 kB
dist/assets/ganttDiagram-T4ZO3ILL-BPK05wdm.js          69.15 kB Γöé gzip:  22.64 kB
dist/assets/c4Diagram-AHTNJAMY-UXD0w5Fr.js             69.17 kB Γöé gzip:  19.33 kB
dist/assets/blockDiagram-DXYQGD6D-EM_LkQCs.js          69.87 kB Γöé gzip:  19.66 kB
dist/assets/components-kW81Za6k.js                     76.68 kB Γöé gzip:  12.11 kB
dist/assets/cose-bilkent-S5V4N54A-CjOcyRuU.js          81.40 kB Γöé gzip:  21.57 kB
dist/assets/chunk-5FUZZQ4R-DLUVgm_W.js                 97.91 kB Γöé gzip:  23.96 kB
dist/assets/sequenceDiagram-FGHM5R23-4HNxEZk9.js      115.51 kB Γöé gzip:  30.45 kB
dist/assets/architectureDiagram-Q4EWVU46-D5GGwR83.js  146.79 kB Γöé gzip:  40.24 kB
dist/assets/rehype-highlight-7hp-6SCH.js              166.15 kB Γöé gzip:  53.28 kB
dist/assets/apollo-vendor-C-NxxsMd.js                 179.39 kB Γöé gzip:  52.97 kB
dist/assets/chunk-ICPOFSXX-BtindPiP.js                216.14 kB Γöé gzip:  34.01 kB
dist/assets/katex-zjckjCBG.js                         256.70 kB Γöé gzip:  76.92 kB
dist/assets/react-vendor-D1n7tGVX.js                  377.65 kB Γöé gzip: 119.35 kB
dist/assets/cytoscape.esm-BIGdRODK.js                 434.29 kB Γöé gzip: 137.57 kB
dist/assets/chunk-K5T4RW27-Db3J1k9-.js                474.40 kB Γöé gzip: 102.29 kB

[32mΓ£ô built in 1.57s[39m
