src/components/sidebar/navigationConfig.ts(9,149): error TS6133: 'Key' is declared but its value is never read.
src/pages/check/AuditExecutionView.tsx(103,11): error TS6133: 'productionLineId' is declared but its value is never read.
src/pages/check/AuditExecutionView.tsx(135,9): error TS6133: 'todayStr' is declared but its value is never read.
src/pages/check/AuditExecutionView.tsx(385,9): error TS6133: 'canComplete' is declared but its value is never read.
src/pages/check/ControlPageShell.tsx(74,3): error TS6133: 'defaultTab' is declared but its value is never read.
src/pages/check/ControlPageShell.tsx(124,9): error TS6133: 'navigate' is declared but its value is never read.
src/pages/check/MaterialOverview.tsx(5,3): error TS6133: 'SEVERITY_STYLES' is declared but its value is never read.
src/pages/check/MaterialOverview.tsx(5,20): error TS6133: 'PRIORITY_STYLES' is declared but its value is never read.
src/pages/check/MaterialOverview.tsx(453,29): error TS2339: Property 'score' does not exist on type '{ date: any; type: "Action"; title: any; status: any; owner: any; onClick: () => void; } | { date: any; type: "Issue"; title: any; status: any; owner: any; onClick: () => void; } | { date: any; type: "Audit"; title: any; status: any; owner: any; score: any; onClick: () => void; }'.
  Property 'score' does not exist on type '{ date: any; type: "Action"; title: any; status: any; owner: any; onClick: () => void; }'.
src/pages/check/MaterialOverview.tsx(453,57): error TS2339: Property 'score' does not exist on type '{ date: any; type: "Action"; title: any; status: any; owner: any; onClick: () => void; } | { date: any; type: "Issue"; title: any; status: any; owner: any; onClick: () => void; } | { date: any; type: "Audit"; title: any; status: any; owner: any; score: any; onClick: () => void; }'.
  Property 'score' does not exist on type '{ date: any; type: "Action"; title: any; status: any; owner: any; onClick: () => void; }'.
src/pages/check/MaterialOverview.tsx(455,32): error TS2339: Property 'score' does not exist on type '{ date: any; type: "Action"; title: any; status: any; owner: any; onClick: () => void; } | { date: any; type: "Issue"; title: any; status: any; owner: any; onClick: () => void; } | { date: any; type: "Audit"; title: any; status: any; owner: any; score: any; onClick: () => void; }'.
  Property 'score' does not exist on type '{ date: any; type: "Action"; title: any; status: any; owner: any; onClick: () => void; }'.
src/pages/check/MaterialOverview.tsx(456,34): error TS2339: Property 'score' does not exist on type '{ date: any; type: "Action"; title: any; status: any; owner: any; onClick: () => void; } | { date: any; type: "Issue"; title: any; status: any; owner: any; onClick: () => void; } | { date: any; type: "Audit"; title: any; status: any; owner: any; score: any; onClick: () => void; }'.
  Property 'score' does not exist on type '{ date: any; type: "Action"; title: any; status: any; owner: any; onClick: () => void; }'.
src/pages/check/MaterialOverview.tsx(458,35): error TS2339: Property 'score' does not exist on type '{ date: any; type: "Action"; title: any; status: any; owner: any; onClick: () => void; } | { date: any; type: "Issue"; title: any; status: any; owner: any; onClick: () => void; } | { date: any; type: "Audit"; title: any; status: any; owner: any; score: any; onClick: () => void; }'.
  Property 'score' does not exist on type '{ date: any; type: "Action"; title: any; status: any; owner: any; onClick: () => void; }'.
src/pages/check/ProductionActionSection.tsx(9,3): error TS6133: 'search' is declared but its value is never read.
src/pages/check/ProductionActionSection.tsx(10,3): error TS6133: 'filterStatus' is declared but its value is never read.
src/pages/check/ProductionControlPage.test.tsx(313,34): error TS2552: Cannot find name 'options'. Did you mean '_options'?
src/pages/check/ProductionControlPage.test.tsx(548,53): error TS6133: 'options' is declared but its value is never read.
src/pages/check/ProductionControlPage.test.tsx(1173,13): error TS2304: Cannot find name 'user'.
src/pages/check/ProductionIssueSection.tsx(9,3): error TS6133: 'search' is declared but its value is never read.
src/pages/check/ProductionOverview.tsx(5,3): error TS6133: 'SEVERITY_STYLES' is declared but its value is never read.
src/pages/check/quality-control/ActionSection.tsx(9,34): error TS6133: 'search' is declared but its value is never read.
src/pages/check/quality-control/ActionSection.tsx(129,11): error TS6133: 'priCls' is declared but its value is never read.
src/pages/check/quality-control/AuditSection.test.tsx(194,10): error TS6133: 'makeExecFormReturn' is declared but its value is never read.
src/pages/check/quality-control/AuditSection.test.tsx(216,18): error TS6133: 'setSearch' is declared but its value is never read.
src/pages/check/quality-control/AuditSection.test.tsx(217,24): error TS6133: 'setFilterStatus' is declared but its value is never read.
src/pages/check/quality-control/AuditSection.tsx(11,3): error TS6133: 'INSTALL_DEFAULT_SAFETY_TEMPLATES_MUTATION' is declared but its value is never read.
src/pages/check/quality-control/AuditSection.tsx(12,3): error TS6133: 'INSTALL_DEFAULT_MATERIAL_TEMPLATES_MUTATION' is declared but its value is never read.
src/pages/check/quality-control/AuditSection.tsx(73,33): error TS6133: 'search' is declared but its value is never read.
src/pages/check/quality-control/AuditSection.tsx(75,10): error TS6133: 'selectedId' is declared but its value is never read.
src/pages/check/quality-control/AuditSection.tsx(75,22): error TS6133: 'setSelectedId' is declared but its value is never read.
src/pages/check/quality-control/AuditSection.tsx(81,10): error TS6133: 'saving' is declared but its value is never read.
src/pages/check/quality-control/AuditSection.tsx(211,9): error TS6133: 'isExecutable' is declared but its value is never read.
src/pages/check/quality-control/AuditSection.tsx(213,9): error TS6133: 'canComplete' is declared but its value is never read.
src/pages/check/quality-control/AuditSection.tsx(332,9): error TS6133: 'hCloseFinding' is declared but its value is never read.
src/pages/check/quality-control/DmrSection.tsx(203,9): error TS6133: 'hUpdate' is declared but its value is never read.
src/pages/check/quality-control/IssueSection.tsx(9,33): error TS6133: 'search' is declared but its value is never read.
src/pages/check/quality-control/IssueSection.tsx(77,9): error TS6133: 'iCls' is declared but its value is never read.
src/pages/check/quality-control/IssueSection.tsx(78,9): error TS6133: 'sCls' is declared but its value is never read.
src/pages/check/quality-control/IssueSection.tsx(129,11): error TS6133: 'sevCls' is declared but its value is never read.
src/pages/check/quality-control/QualityOverview.tsx(6,3): error TS6133: 'SEVERITY_STYLES' is declared but its value is never read.
src/pages/check/quality-control/QualityOverview.tsx(7,18): error TS6133: 'DMR_DISPOSITION_OPTIONS' is declared but its value is never read.
src/pages/check/quality-control/QualityOverview.tsx(8,3): error TS6133: 'RMA_DISPOSITION_OPTIONS' is declared but its value is never read.
src/pages/check/quality-control/QualityOverview.tsx(48,10): error TS6133: 'RowBtn' is declared but its value is never read.
src/pages/check/quality-control/QualityOverview.tsx(278,9): error TS6133: 'showInstallBanner' is declared but its value is never read.
src/pages/check/SafetyOverview.tsx(5,3): error TS6133: 'SEVERITY_STYLES' is declared but its value is never read.
src/pages/check/SafetyOverview.tsx(5,20): error TS6133: 'PRIORITY_STYLES' is declared but its value is never read.
src/pages/check/SafetyOverview.tsx(237,9): error TS6133: 'scoreColor' is declared but its value is never read.
src/pages/check/SafetyOverview.tsx(262,49): error TS6133: 'label' is declared but its value is never read.
src/pages/check/SafetyOverview.tsx(522,29): error TS2339: Property 'score' does not exist on type '{ date: any; type: "Action"; title: any; status: any; owner: any; onClick: () => void; } | { date: any; type: "Issue"; title: any; status: any; owner: any; onClick: () => void; } | { date: any; type: "Audit"; title: any; status: any; owner: any; score: any; onClick: () => void; }'.
  Property 'score' does not exist on type '{ date: any; type: "Action"; title: any; status: any; owner: any; onClick: () => void; }'.
src/pages/check/SafetyOverview.tsx(522,57): error TS2339: Property 'score' does not exist on type '{ date: any; type: "Action"; title: any; status: any; owner: any; onClick: () => void; } | { date: any; type: "Issue"; title: any; status: any; owner: any; onClick: () => void; } | { date: any; type: "Audit"; title: any; status: any; owner: any; score: any; onClick: () => void; }'.
  Property 'score' does not exist on type '{ date: any; type: "Action"; title: any; status: any; owner: any; onClick: () => void; }'.
src/pages/check/SafetyOverview.tsx(524,32): error TS2339: Property 'score' does not exist on type '{ date: any; type: "Action"; title: any; status: any; owner: any; onClick: () => void; } | { date: any; type: "Issue"; title: any; status: any; owner: any; onClick: () => void; } | { date: any; type: "Audit"; title: any; status: any; owner: any; score: any; onClick: () => void; }'.
  Property 'score' does not exist on type '{ date: any; type: "Action"; title: any; status: any; owner: any; onClick: () => void; }'.
src/pages/check/SafetyOverview.tsx(525,34): error TS2339: Property 'score' does not exist on type '{ date: any; type: "Action"; title: any; status: any; owner: any; onClick: () => void; } | { date: any; type: "Issue"; title: any; status: any; owner: any; onClick: () => void; } | { date: any; type: "Audit"; title: any; status: any; owner: any; score: any; onClick: () => void; }'.
  Property 'score' does not exist on type '{ date: any; type: "Action"; title: any; status: any; owner: any; onClick: () => void; }'.
src/pages/check/SafetyOverview.tsx(527,35): error TS2339: Property 'score' does not exist on type '{ date: any; type: "Action"; title: any; status: any; owner: any; onClick: () => void; } | { date: any; type: "Issue"; title: any; status: any; owner: any; onClick: () => void; } | { date: any; type: "Audit"; title: any; status: any; owner: any; score: any; onClick: () => void; }'.
  Property 'score' does not exist on type '{ date: any; type: "Action"; title: any; status: any; owner: any; onClick: () => void; }'.
src/pages/maintenance/breakdowns/BreakdownSection.tsx(4,36): error TS6133: 'User' is declared but its value is never read.
src/pages/maintenance/breakdowns/BreakdownSection.tsx(4,42): error TS6133: 'Clock' is declared but its value is never read.
src/pages/maintenance/breakdowns/BreakdownSection.tsx(5,23): error TS6133: 'ArrowLeft' is declared but its value is never read.
src/pages/maintenance/breakdowns/BreakdownSection.tsx(6,3): error TS6133: 'CalendarClock' is declared but its value is never read.
src/pages/maintenance/breakdowns/BreakdownSection.tsx(18,56): error TS6133: 'statusDotColor' is declared but its value is never read.
src/pages/maintenance/breakdowns/BreakdownSection.tsx(152,10): error TS6133: 'startRepairMut' is declared but its value is never read.
src/pages/maintenance/BreakdownsPage.tsx(2,31): error TS6133: 'Play' is declared but its value is never read.
src/pages/system/AdministrativeDepartmentsPage.tsx(106,43): error TS2339: Property 'updateAdministrativeDepartment' does not exist on type '{}'.
src/pages/system/AdministrativeDepartmentsPage.tsx(106,84): error TS2339: Property 'createAdministrativeDepartment' does not exist on type '{}'.
src/pages/system/UsersAndRolesPage.tsx(7,113): error TS6133: 'UPDATE_ROLE' is declared but its value is never read.
src/pages/system/UsersAndRolesPage.tsx(72,21): error TS6133: 'setActiveTab' is declared but its value is never read.
src/pages/system/UsersAndRolesPage.tsx(98,41): error TS6133: 'refetchUserRoles' is declared but its value is never read.
src/pages/system/UsersAndRolesPage.tsx(178,50): error TS2339: Property 'updateUserProfile' does not exist on type '{}'.
src/pages/system/UsersAndRolesPage.tsx(178,78): error TS2339: Property 'createUserProfile' does not exist on type '{}'.
src/pages/system/UsersAndRolesPage.tsx(208,19): error TS2339: Property 'createRole' does not exist on type '{}'.
src/pages/system/UsersAndRolesPage.tsx(209,33): error TS2339: Property 'createRole' does not exist on type '{}'.
src/pages/system/UsersAndRolesPage.tsx(232,19): error TS2339: Property 'removePermissionFromRole' does not exist on type '{}'.
src/pages/system/UsersAndRolesPage.tsx(235,19): error TS2339: Property 'assignPermissionToRole' does not exist on type '{}'.
src/pages/system/UsersAndRolesPage.tsx(247,19): error TS2339: Property 'assignRoleToUser' does not exist on type '{}'.
src/pages/system/UsersAndRolesPage.tsx(248,33): error TS2339: Property 'assignRoleToUser' does not exist on type '{}'.
