[96msrc/pages/maintenance/PreventiveMaintenancePage.tsx[0m:[93m428[0m:[93m6[0m - [91merror[0m[90m TS17008: [0mJSX element 'div' has no corresponding closing tag.

[7m428[0m     <div className="flex flex-1 min-h-0">
[7m   [0m [91m     ~~~[0m

[96msrc/pages/maintenance/PreventiveMaintenancePage.tsx[0m:[93m535[0m:[93m28[0m - [91merror[0m[90m TS1382: [0mUnexpected token. Did you mean `{'>'}` or `&gt;`?

[7m535[0m   const renderDetail = () => {
[7m   [0m [91m                           ~[0m

[96msrc/pages/maintenance/PreventiveMaintenancePage.tsx[0m:[93m536[0m:[93m5[0m - [91merror[0m[90m TS1109: [0mExpression expected.

[7m536[0m     if (!sel) return null;
[7m   [0m [91m    ~~[0m

[96msrc/pages/maintenance/PreventiveMaintenancePage.tsx[0m:[93m538[0m:[93m11[0m - [91merror[0m[90m TS1109: [0mExpression expected.

[7m538[0m     try { if (sel.checklistJson) checklist = JSON.parse(sel.checklistJson); } catch {}
[7m   [0m [91m          ~~[0m

[96msrc/pages/maintenance/PreventiveMaintenancePage.tsx[0m:[93m538[0m:[93m77[0m - [91merror[0m[90m TS1381: [0mUnexpected token. Did you mean `{'}'}` or `&rbrace;`?

[7m538[0m     try { if (sel.checklistJson) checklist = JSON.parse(sel.checklistJson); } catch {}
[7m   [0m [91m                                                                            ~[0m

[96msrc/pages/maintenance/PreventiveMaintenancePage.tsx[0m:[93m707[0m:[93m3[0m - [91merror[0m[90m TS1381: [0mUnexpected token. Did you mean `{'}'}` or `&rbrace;`?

[7m707[0m   };
[7m   [0m [91m  ~[0m

[96msrc/pages/maintenance/PreventiveMaintenancePage.tsx[0m:[93m710[0m:[93m6[0m - [91merror[0m[90m TS17008: [0mJSX element 'div' has no corresponding closing tag.

[7m710[0m     <div className="flex h-full min-h-0 flex-col overflow-hidden p-0 m-0">
[7m   [0m [91m     ~~~[0m

[96msrc/pages/maintenance/PreventiveMaintenancePage.tsx[0m:[93m1031[0m:[93m1[0m - [91merror[0m[90m TS1381: [0mUnexpected token. Did you mean `{'}'}` or `&rbrace;`?

[7m1031[0m }
[7m    [0m [91m~[0m

[96msrc/pages/maintenance/PreventiveMaintenancePage.tsx[0m:[93m1032[0m:[93m1[0m - [91merror[0m[90m TS1005: [0m'</' expected.

[7m1032[0m 
[7m    [0m [91m[0m

[96msrc/pages/maintenance/SparePartsPage.tsx[0m:[93m546[0m:[93m6[0m - [91merror[0m[90m TS17008: [0mJSX element 'div' has no corresponding closing tag.

[7m546[0m     <div className="flex h-full min-h-0 flex-col overflow-hidden p-0 m-0">
[7m   [0m [91m     ~~~[0m

[96msrc/pages/maintenance/SparePartsPage.tsx[0m:[93m893[0m:[93m1[0m - [91merror[0m[90m TS1381: [0mUnexpected token. Did you mean `{'}'}` or `&rbrace;`?

[7m893[0m }
[7m   [0m [91m~[0m

[96msrc/pages/maintenance/SparePartsPage.tsx[0m:[93m894[0m:[93m1[0m - [91merror[0m[90m TS1005: [0m'</' expected.

[7m894[0m 
[7m   [0m [91m[0m


Found 12 errors in 2 files.

Errors  Files
     9  src/pages/maintenance/PreventiveMaintenancePage.tsx[90m:428[0m
     3  src/pages/maintenance/SparePartsPage.tsx[90m:546[0m
